
> react-app@0.1.0 build
> react-scripts build

Creating an optimized production build...
node.exe : Browserslist: 
browsers data (caniuse-lite) is 
7 months old. Please run:
En línea: 1 Carácter: 1
+ & "C:\Program 
Files\nodejs/node.exe" "C:\Users
\maryl\AppData\Roaming\ ...
+ ~~~~~~~~~~~~~~~~~~~~~~~~~~~~~~
~~~~~~~~~~~~~~~~~~~~~~~~~~~~~~~~
~~~~~~~
    + CategoryInfo          : N 
   otSpecified: (Browserslist:  
   b...ld. Please run::String   
 ) [], RemoteException
    + FullyQualifiedErrorId : N 
   ativeCommandError
 
  npx 
update-browserslist-db@latest
  Why you should do it 
regularly: https://github.com/br
owserslist/update-db#readme
Browserslist: browsers data 
(caniuse-lite) is 7 months old. 
Please run:
  npx 
update-browserslist-db@latest
  Why you should do it 
regularly: https://github.com/br
owserslist/update-db#readme
Failed to compile.

TS2440: Import declaration conflicts with local declaration of 'VirtualCardRecord'.
  [0m [90m 40 |[39m
   [90m 41 |[39m [36mimport[39m {
  [31m[1m>[22m[39m[90m 42 |[39m     type [33mVirtualCardRecord[39m[33m,[39m
   [90m    |[39m     [31m[1m^[22m[39m[31m[1m^[22m[39m[31m[1m^[22m[39m[31m[1m^[22m[39m[31m[1m^[22m[39m[31m[1m^[22m[39m[31m[1m^[22m[39m[31m[1m^[22m[39m[31m[1m^[22m[39m[31m[1m^[22m[39m[31m[1m^[22m[39m[31m[1m^[22m[39m[31m[1m^[22m[39m[31m[1m^[22m[39m[31m[1m^[22m[39m[31m[1m^[22m[39m[31m[1m^[22m[39m[31m[1m^[22m[39m[31m[1m^[22m[39m[31m[1m^[22m[39m[31m[1m^[22m[39m[31m[1m^[22m[39m
   [90m 43 |[39m     convertVCCDocumentToRecord
   [90m 44 |[39m } [36mfrom[39m [32m'./VirtualCardLogicTest'[39m[33m;[39m
   [90m 45 |[39m[0m


