src/components/MajorHistoryUserTest.tsx(1427,143): error TS2554: Expected 2 arguments, but got 3.
